This file contains any messages produced by compilers while
running configure, to aid debugging if configure makes a mistake.

It was created by ta-lib configure 0.8.1, which was
generated by GNU Autoconf 2.72.  Invocation command line was

  $ ./configure

## --------- ##
## Platform. ##
## --------- ##

hostname = serkor-ThinkPad-T14s-Gen-6
uname -m = x86_64
uname -r = 7.0.0-28-generic
uname -s = Linux
uname -v = #28-Ubuntu SMP PREEMPT_DYNAMIC Sun Jun 21 01:01:36 UTC 2026

/usr/bin/uname -p = unknown
/bin/uname -X     = unknown

/bin/arch              = x86_64
/usr/bin/arch -k       = unknown
/usr/convex/getsysinfo = unknown
/usr/bin/hostinfo      = unknown
/bin/machine           = unknown
/usr/bin/oslevel       = unknown
/bin/universe          = unknown

PATH: /home/serkor/.vscode-oss/extensions/posit.air-vscode-0.28.0-linux-x64/bundled/bin/
PATH: /home/serkor/.local/bin/
PATH: /home/serkor/.duckdb/cli/latest/
PATH: /home/serkor/.local/bin/
PATH: /home/serkor/bin/
PATH: /home/serkor/.local/bin/
PATH: /home/serkor/.duckdb/cli/latest/
PATH: /home/serkor/.cargo/bin/
PATH: /home/serkor/.local/bin/
PATH: /home/serkor/bin/
PATH: /usr/local/sbin/
PATH: /usr/local/bin/
PATH: /usr/sbin/
PATH: /usr/bin/
PATH: /sbin/
PATH: /bin/
PATH: /usr/games/
PATH: /usr/local/games/
PATH: /snap/bin/
PATH: /snap/bin/


## ----------- ##
## Core tests. ##
## ----------- ##

configure:2488: looking for aux files: config.guess config.sub ltmain.sh compile ar-lib missing install-sh
configure:2501:  trying ./
configure:2530:   ./config.guess found
configure:2530:   ./config.sub found
configure:2530:   ./ltmain.sh found
configure:2530:   ./compile found
configure:2530:   ./ar-lib found
configure:2530:   ./missing found
configure:2512:   ./install-sh found
configure:2664: checking for a BSD-compatible install
configure:2738: result: /usr/bin/install -c
configure:2749: checking whether sleep supports fractional seconds
configure:2765: result: yes
configure:2768: checking filesystem timestamp resolution
configure:2903: result: 0.01
configure:2908: checking whether build environment is sane
configure:2953: result: yes
configure:3124: checking for a race-free mkdir -p
configure:3167: result: /usr/bin/mkdir -p
configure:3174: checking for gawk
configure:3195: found /usr/bin/gawk
configure:3207: result: gawk
configure:3218: checking whether make sets $(MAKE)
configure:3242: result: yes
configure:3268: checking whether make supports nested variables
configure:3287: result: yes
configure:3301: checking xargs -n works
configure:3317: result: yes
configure:3402: checking whether UID '1000' is supported by ustar format
configure:3408: result: yes
configure:3415: checking whether GID '1000' is supported by ustar format
configure:3421: result: yes
configure:3429: checking how to create a ustar tar archive
configure:3440: tar --version
tar (GNU tar) 1.35
Copyright (C) 2023 Free Software Foundation, Inc.
License GPLv3+: GNU GPL version 3 or later <https://gnu.org/licenses/gpl.html>.
This is free software: you are free to change and redistribute it.
There is NO WARRANTY, to the extent permitted by law.

Written by John Gilmore and Jay Fenlason.
configure:3443: $? = 0
configure:3483: tardir=conftest.dir && eval tar --format=ustar -chf - "$tardir" >conftest.tar
configure:3486: $? = 0
configure:3490: tar -xf - <conftest.tar
configure:3493: $? = 0
configure:3495: cat conftest.dir/file
GrepMe
configure:3498: $? = 0
configure:3513: result: gnutar
configure:3554: checking whether make supports the include directive
configure:3569: make -f confmf.GNU && cat confinc.out
make[1]: Entering directory '/home/serkor/Documents/Software/ta-lib-R/src/ta-lib'
make[1]: Leaving directory '/home/serkor/Documents/Software/ta-lib-R/src/ta-lib'
this is the am__doit target
configure:3572: $? = 0
configure:3591: result: yes (GNU style)
configure:3668: checking for gcc
configure:3689: found /usr/bin/gcc
configure:3701: result: gcc
configure:4060: checking for C compiler version
configure:4069: gcc --version >&5
gcc (Ubuntu 15.2.0-16ubuntu1) 15.2.0
Copyright (C) 2025 Free Software Foundation, Inc.
This is free software; see the source for copying conditions.  There is NO
warranty; not even for MERCHANTABILITY or FITNESS FOR A PARTICULAR PURPOSE.

configure:4080: $? = 0
configure:4069: gcc -v >&5
Using built-in specs.
COLLECT_GCC=gcc
COLLECT_LTO_WRAPPER=/usr/libexec/gcc/x86_64-linux-gnu/15/lto-wrapper
OFFLOAD_TARGET_NAMES=nvptx-none:amdgcn-amdhsa
OFFLOAD_TARGET_DEFAULT=1
Target: x86_64-linux-gnu
Configured with: ../src/configure -v --with-pkgversion='Ubuntu 15.2.0-16ubuntu1' --with-bugurl=file:///usr/share/doc/gcc-15/README.Bugs --enable-languages=c,ada,c++,go,d,fortran,objc,obj-c++,m2,rust,cobol,algol68 --prefix=/usr --with-gcc-major-version-only --program-suffix=-15 --program-prefix=x86_64-linux-gnu- --enable-shared --enable-linker-build-id --libexecdir=/usr/libexec --without-included-gettext --enable-threads=posix --libdir=/usr/lib --enable-nls --enable-bootstrap --enable-clocale=gnu --enable-libstdcxx-debug --enable-libstdcxx-time=yes --with-default-libstdcxx-abi=new --enable-libstdcxx-backtrace --enable-gnu-unique-object --disable-vtable-verify --enable-plugin --enable-default-pie --with-system-zlib --enable-libphobos-checking=release --with-target-system-zlib=auto --enable-objc-gc=auto --enable-multiarch --disable-werror --enable-cet --with-arch-32=i686 --with-abi=m64 --with-multilib-list=m32,m64,mx32 --enable-multilib --with-tune=generic --enable-offload-targets=nvptx-none=/build/gcc-15-j35TAX/gcc-15-15.2.0/debian/tmp-nvptx/usr,amdgcn-amdhsa=/build/gcc-15-j35TAX/gcc-15-15.2.0/debian/tmp-gcn/usr --enable-offload-defaulted --without-cuda-driver --enable-checking=release --build=x86_64-linux-gnu --host=x86_64-linux-gnu --target=x86_64-linux-gnu --with-build-config=bootstrap-lto-lean --enable-link-serialization=2
Thread model: posix
Supported LTO compression algorithms: zlib zstd
gcc version 15.2.0 (Ubuntu 15.2.0-16ubuntu1) 
... rest of stderr output deleted ...
configure:4080: $? = 0
configure:4069: gcc -V >&5
gcc: error: unrecognized command-line option '-V'
gcc: fatal error: no input files
compilation terminated.
configure:4080: $? = 1
configure:4069: gcc -qversion >&5
gcc: error: unrecognized command-line option '-qversion'; did you mean '--version'?
gcc: fatal error: no input files
compilation terminated.
configure:4080: $? = 1
configure:4069: gcc -version >&5
gcc: error: unrecognized command-line option '-version'
gcc: fatal error: no input files
compilation terminated.
configure:4080: $? = 1
configure:4100: checking whether the C compiler works
configure:4122: gcc    conftest.c  >&5
configure:4126: $? = 0
configure:4177: result: yes
configure:4181: checking for C compiler default output file name
configure:4183: result: a.out
configure:4189: checking for suffix of executables
configure:4196: gcc -o conftest    conftest.c  >&5
configure:4200: $? = 0
configure:4224: result: 
configure:4248: checking whether we are cross compiling
configure:4256: gcc -o conftest    conftest.c  >&5
configure:4260: $? = 0
configure:4267: ./conftest
configure:4271: $? = 0
configure:4286: result: no
configure:4292: checking for suffix of object files
configure:4315: gcc -c   conftest.c >&5
configure:4319: $? = 0
configure:4343: result: o
configure:4347: checking whether the compiler supports GNU C
configure:4367: gcc -c   conftest.c >&5
configure:4367: $? = 0
configure:4379: result: yes
configure:4390: checking whether gcc accepts -g
configure:4411: gcc -c -g  conftest.c >&5
configure:4411: $? = 0
configure:4458: result: yes
configure:4478: checking for gcc option to enable C11 features
configure:4493: gcc  -c -g -O2  conftest.c >&5
configure:4493: $? = 0
configure:4512: result: none needed
configure:4636: checking whether gcc understands -c and -o together
configure:4659: gcc -c conftest.c -o conftest2.o
configure:4662: $? = 0
configure:4659: gcc -c conftest.c -o conftest2.o
configure:4662: $? = 0
configure:4678: result: yes
configure:4697: checking dependency style of gcc
configure:4810: result: gcc3
configure:4882: checking for ar
configure:4903: found /usr/bin/ar
configure:4915: result: ar
configure:4942: checking the archiver (ar) interface
configure:4959: gcc -c -g -O2  conftest.c >&5
configure:4959: $? = 0
configure:4962: ar cr libconftest.a conftest.o >&5
configure:4965: $? = 0
configure:4994: result: ar
configure:5068: checking for gcc
configure:5101: result: gcc
configure:5460: checking for C compiler version
configure:5469: gcc --version >&5
gcc (Ubuntu 15.2.0-16ubuntu1) 15.2.0
Copyright (C) 2025 Free Software Foundation, Inc.
This is free software; see the source for copying conditions.  There is NO
warranty; not even for MERCHANTABILITY or FITNESS FOR A PARTICULAR PURPOSE.

configure:5480: $? = 0
configure:5469: gcc -v >&5
Using built-in specs.
COLLECT_GCC=gcc
COLLECT_LTO_WRAPPER=/usr/libexec/gcc/x86_64-linux-gnu/15/lto-wrapper
OFFLOAD_TARGET_NAMES=nvptx-none:amdgcn-amdhsa
OFFLOAD_TARGET_DEFAULT=1
Target: x86_64-linux-gnu
Configured with: ../src/configure -v --with-pkgversion='Ubuntu 15.2.0-16ubuntu1' --with-bugurl=file:///usr/share/doc/gcc-15/README.Bugs --enable-languages=c,ada,c++,go,d,fortran,objc,obj-c++,m2,rust,cobol,algol68 --prefix=/usr --with-gcc-major-version-only --program-suffix=-15 --program-prefix=x86_64-linux-gnu- --enable-shared --enable-linker-build-id --libexecdir=/usr/libexec --without-included-gettext --enable-threads=posix --libdir=/usr/lib --enable-nls --enable-bootstrap --enable-clocale=gnu --enable-libstdcxx-debug --enable-libstdcxx-time=yes --with-default-libstdcxx-abi=new --enable-libstdcxx-backtrace --enable-gnu-unique-object --disable-vtable-verify --enable-plugin --enable-default-pie --with-system-zlib --enable-libphobos-checking=release --with-target-system-zlib=auto --enable-objc-gc=auto --enable-multiarch --disable-werror --enable-cet --with-arch-32=i686 --with-abi=m64 --with-multilib-list=m32,m64,mx32 --enable-multilib --with-tune=generic --enable-offload-targets=nvptx-none=/build/gcc-15-j35TAX/gcc-15-15.2.0/debian/tmp-nvptx/usr,amdgcn-amdhsa=/build/gcc-15-j35TAX/gcc-15-15.2.0/debian/tmp-gcn/usr --enable-offload-defaulted --without-cuda-driver --enable-checking=release --build=x86_64-linux-gnu --host=x86_64-linux-gnu --target=x86_64-linux-gnu --with-build-config=bootstrap-lto-lean --enable-link-serialization=2
Thread model: posix
Supported LTO compression algorithms: zlib zstd
gcc version 15.2.0 (Ubuntu 15.2.0-16ubuntu1) 
... rest of stderr output deleted ...
configure:5480: $? = 0
configure:5469: gcc -V >&5
gcc: error: unrecognized command-line option '-V'
gcc: fatal error: no input files
compilation terminated.
configure:5480: $? = 1
configure:5469: gcc -qversion >&5
gcc: error: unrecognized command-line option '-qversion'; did you mean '--version'?
gcc: fatal error: no input files
compilation terminated.
configure:5480: $? = 1
configure:5469: gcc -version >&5
gcc: error: unrecognized command-line option '-version'
gcc: fatal error: no input files
compilation terminated.
configure:5480: $? = 1
configure:5484: checking whether the compiler supports GNU C
configure:5516: result: yes
configure:5527: checking whether gcc accepts -g
configure:5595: result: yes
configure:5615: checking for gcc option to enable C11 features
configure:5649: result: none needed
configure:5773: checking whether gcc understands -c and -o together
configure:5815: result: yes
configure:5834: checking dependency style of gcc
configure:5947: result: gcc3
configure:5994: checking build system type
configure:6010: result: x86_64-pc-linux-gnu
configure:6030: checking host system type
configure:6045: result: x86_64-pc-linux-gnu
configure:6086: checking how to print strings
configure:6113: result: printf
configure:6134: checking for a sed that does not truncate output
configure:6206: result: /usr/bin/sed
configure:6224: checking for grep that handles long lines and -e
configure:6290: result: /usr/bin/grep
configure:6295: checking for egrep
configure:6365: result: /usr/bin/grep -E
configure:6372: checking for fgrep
configure:6442: result: /usr/bin/grep -F
configure:6479: checking for ld used by gcc
configure:6548: result: /usr/bin/x86_64-linux-gnu-ld
configure:6555: checking if the linker (/usr/bin/x86_64-linux-gnu-ld) is GNU ld
configure:6572: result: yes
configure:6584: checking for BSD- or MS-compatible name lister (nm)
configure:6640: result: /usr/bin/nm -B
configure:6782: checking the name lister (/usr/bin/nm -B) interface
configure:6790: gcc -c -g -O2  conftest.c >&5
configure:6793: /usr/bin/nm -B "conftest.o"
configure:6796: output
0000000000000000 B some_variable
configure:6804: result: BSD nm
configure:6807: checking whether ln -s works
configure:6811: result: yes
configure:6819: checking the maximum length of command line arguments
configure:6952: result: 1572864
configure:7000: checking how to convert x86_64-pc-linux-gnu file names to x86_64-pc-linux-gnu format
configure:7042: result: func_convert_file_noop
configure:7049: checking how to convert x86_64-pc-linux-gnu file names to toolchain format
configure:7071: result: func_convert_file_noop
configure:7078: checking for /usr/bin/x86_64-linux-gnu-ld option to reload object files
configure:7087: result: -r
configure:7120: checking for file
configure:7141: found /usr/bin/file
configure:7154: result: file
configure:7217: checking for objdump
configure:7238: found /usr/bin/objdump
configure:7250: result: objdump
configure:7282: checking how to recognize dependent libraries
configure:7491: result: pass_all
configure:7582: checking for dlltool
configure:7618: result: no
configure:7648: checking how to associate runtime and link libraries
configure:7677: result: printf %s\n
configure:7737: checking for ranlib
configure:7758: found /usr/bin/ranlib
configure:7770: result: ranlib
configure:7933: checking for archiver @FILE support
configure:7951: gcc -c -g -O2  conftest.c >&5
configure:7951: $? = 0
configure:7955: ar cr libconftest.a @conftest.lst >&5
configure:7958: $? = 0
configure:7963: ar cr libconftest.a @conftest.lst >&5
ar: conftest.o: No such file or directory
configure:7966: $? = 1
configure:7979: result: @
configure:8043: checking for strip
configure:8064: found /usr/bin/strip
configure:8076: result: strip
configure:8179: checking command to parse /usr/bin/nm -B output from gcc object
configure:8333: gcc -c -g -O2  conftest.c >&5
configure:8336: $? = 0
configure:8340: /usr/bin/nm -B conftest.o | /usr/bin/sed -n -e 's/^.*[	 ]\([ABCDGIRSTW][ABCDGIRSTW]*\)[	 ][	 ]*\([_A-Za-z][_A-Za-z0-9]*\)$/\1 \2 \2/p' | /usr/bin/sed '/ __gnu_lto/d' > conftest.nm
configure:8406: gcc -o conftest -g -O2   conftest.c conftstm.o >&5
configure:8409: $? = 0
configure:8448: result: ok
configure:8495: checking for sysroot
configure:8529: result: no
configure:8536: checking for a working dd
configure:8581: result: /usr/bin/dd
configure:8585: checking how to truncate binary pipes
configure:8602: result: /usr/bin/dd bs=4096 count=1
configure:8739: gcc -c -g -O2  conftest.c >&5
configure:8742: $? = 0
configure:8942: checking for mt
configure:8963: found /usr/bin/mt
configure:8975: result: mt
configure:8998: checking if mt is a manifest tool
configure:9005: mt '-?'
configure:9014: result: no
configure:9811: checking for stdio.h
configure:9811: gcc -c -g -O2  conftest.c >&5
configure:9811: $? = 0
configure:9811: result: yes
configure:9811: checking for stdlib.h
configure:9811: gcc -c -g -O2  conftest.c >&5
configure:9811: $? = 0
configure:9811: result: yes
configure:9811: checking for string.h
configure:9811: gcc -c -g -O2  conftest.c >&5
configure:9811: $? = 0
configure:9811: result: yes
configure:9811: checking for inttypes.h
configure:9811: gcc -c -g -O2  conftest.c >&5
configure:9811: $? = 0
configure:9811: result: yes
configure:9811: checking for stdint.h
configure:9811: gcc -c -g -O2  conftest.c >&5
configure:9811: $? = 0
configure:9811: result: yes
configure:9811: checking for strings.h
configure:9811: gcc -c -g -O2  conftest.c >&5
configure:9811: $? = 0
configure:9811: result: yes
configure:9811: checking for sys/stat.h
configure:9811: gcc -c -g -O2  conftest.c >&5
configure:9811: $? = 0
configure:9811: result: yes
configure:9811: checking for sys/types.h
configure:9811: gcc -c -g -O2  conftest.c >&5
configure:9811: $? = 0
configure:9811: result: yes
configure:9811: checking for unistd.h
configure:9811: gcc -c -g -O2  conftest.c >&5
configure:9811: $? = 0
configure:9811: result: yes
configure:9836: checking for dlfcn.h
configure:9836: gcc -c -g -O2  conftest.c >&5
configure:9836: $? = 0
configure:9836: result: yes
configure:10139: checking for objdir
configure:10156: result: .libs
configure:10418: checking if gcc supports -fno-rtti -fno-exceptions
configure:10437: gcc -c -g -O2  -fno-rtti -fno-exceptions conftest.c >&5
cc1: warning: command-line option '-fno-rtti' is valid for C++/D/ObjC++ but not for C
configure:10441: $? = 0
configure:10455: result: no
configure:10834: checking for gcc option to produce PIC
configure:10843: result: -fPIC -DPIC
configure:10851: checking if gcc PIC flag -fPIC -DPIC works
configure:10870: gcc -c -g -O2  -fPIC -DPIC -DPIC conftest.c >&5
configure:10874: $? = 0
configure:10888: result: yes
configure:10917: checking if gcc static flag -static works
configure:10947: result: yes
configure:10962: checking if gcc supports -c -o file.o
configure:10984: gcc -c -g -O2  -o out/conftest2.o conftest.c >&5
configure:10988: $? = 0
configure:11011: result: yes
configure:11019: checking if gcc supports -c -o file.o
configure:11068: result: yes
configure:11101: checking whether the gcc linker (/usr/bin/x86_64-linux-gnu-ld -m elf_x86_64) supports shared libraries
configure:12389: result: yes
configure:12426: checking whether -lc should be explicitly linked in
configure:12435: gcc -c -g -O2  conftest.c >&5
configure:12438: $? = 0
configure:12453: gcc -shared  -fPIC -DPIC conftest.o  -v -Wl,-soname -Wl,conftest -o conftest 2\>\&1 \| /usr/bin/grep  -lc  \>/dev/null 2\>\&1
configure:12456: $? = 0
configure:12471: result: no
configure:12631: checking dynamic linker characteristics
configure:13250: gcc -o conftest -g -O2   -Wl,-rpath -Wl,/foo conftest.c  >&5
configure:13250: $? = 0
configure:14033: result: GNU/Linux ld.so
configure:14155: checking how to hardcode library paths into programs
configure:14180: result: immediate
configure:14780: checking whether stripping libraries is possible
configure:14789: result: yes
configure:14831: checking if libtool supports shared libraries
configure:14833: result: yes
configure:14836: checking whether to build shared libraries
configure:14861: result: yes
configure:14864: checking whether to build static libraries
configure:14868: result: yes
configure:14911: checking whether gcc accepts -ffp-contract=off
configure:14924: gcc -c -g -O2 -ffp-contract=off  conftest.c >&5
configure:14924: $? = 0
configure:14926: result: yes
configure:14938: checking for egrep
configure:15008: result: /usr/bin/grep -E
configure:15016: checking for float.h
configure:15016: gcc -c -g -O2 -ffp-contract=off  conftest.c >&5
configure:15016: $? = 0
configure:15016: result: yes
configure:15022: checking for inttypes.h
configure:15022: result: yes
configure:15028: checking for limits.h
configure:15028: gcc -c -g -O2 -ffp-contract=off  conftest.c >&5
configure:15028: $? = 0
configure:15028: result: yes
configure:15034: checking for locale.h
configure:15034: gcc -c -g -O2 -ffp-contract=off  conftest.c >&5
configure:15034: $? = 0
configure:15034: result: yes
configure:15040: checking for stddef.h
configure:15040: gcc -c -g -O2 -ffp-contract=off  conftest.c >&5
configure:15040: $? = 0
configure:15040: result: yes
configure:15046: checking for stdint.h
configure:15046: result: yes
configure:15052: checking for stdlib.h
configure:15052: result: yes
configure:15058: checking for string.h
configure:15058: result: yes
configure:15064: checking for unistd.h
configure:15064: result: yes
configure:15070: checking for wchar.h
configure:15070: gcc -c -g -O2 -ffp-contract=off  conftest.c >&5
configure:15070: $? = 0
configure:15070: result: yes
configure:15076: checking for wctype.h
configure:15076: gcc -c -g -O2 -ffp-contract=off  conftest.c >&5
configure:15076: $? = 0
configure:15076: result: yes
configure:15085: checking for an ANSI C-conforming const
configure:15152: gcc -c -g -O2 -ffp-contract=off  conftest.c >&5
configure:15152: $? = 0
configure:15162: result: yes
configure:15170: checking for size_t
configure:15170: gcc -c -g -O2 -ffp-contract=off  conftest.c >&5
configure:15170: $? = 0
configure:15170: gcc -c -g -O2 -ffp-contract=off  conftest.c >&5
conftest.c: In function 'main':
conftest.c:65:21: error: expected expression before ')' token
   65 | if (sizeof ((size_t)))
      |                     ^
configure:15170: $? = 1
configure: failed program was:
| /* confdefs.h */
| #define PACKAGE_NAME "ta-lib"
| #define PACKAGE_TARNAME "ta-lib"
| #define PACKAGE_VERSION "0.8.1"
| #define PACKAGE_STRING "ta-lib 0.8.1"
| #define PACKAGE_BUGREPORT "https://github.com/TA-Lib/ta-lib/issues"
| #define PACKAGE_URL "https://github.com/TA-Lib/ta-lib"
| #define PACKAGE "ta-lib"
| #define VERSION "0.8.1"
| #define HAVE_STDIO_H 1
| #define HAVE_STDLIB_H 1
| #define HAVE_STRING_H 1
| #define HAVE_INTTYPES_H 1
| #define HAVE_STDINT_H 1
| #define HAVE_STRINGS_H 1
| #define HAVE_SYS_STAT_H 1
| #define HAVE_SYS_TYPES_H 1
| #define HAVE_UNISTD_H 1
| #define STDC_HEADERS 1
| #define HAVE_DLFCN_H 1
| #define LT_OBJDIR ".libs/"
| #define HAVE_FLOAT_H 1
| #define HAVE_INTTYPES_H 1
| #define HAVE_LIMITS_H 1
| #define HAVE_LOCALE_H 1
| #define HAVE_STDDEF_H 1
| #define HAVE_STDINT_H 1
| #define HAVE_STDLIB_H 1
| #define HAVE_STRING_H 1
| #define HAVE_UNISTD_H 1
| #define HAVE_WCHAR_H 1
| #define HAVE_WCTYPE_H 1
| /* end confdefs.h.  */
| #include <stddef.h>
| #ifdef HAVE_STDIO_H
| # include <stdio.h>
| #endif
| #ifdef HAVE_STDLIB_H
| # include <stdlib.h>
| #endif
| #ifdef HAVE_STRING_H
| # include <string.h>
| #endif
| #ifdef HAVE_INTTYPES_H
| # include <inttypes.h>
| #endif
| #ifdef HAVE_STDINT_H
| # include <stdint.h>
| #endif
| #ifdef HAVE_STRINGS_H
| # include <strings.h>
| #endif
| #ifdef HAVE_SYS_TYPES_H
| # include <sys/types.h>
| #endif
| #ifdef HAVE_SYS_STAT_H
| # include <sys/stat.h>
| #endif
| #ifdef HAVE_UNISTD_H
| # include <unistd.h>
| #endif
| int
| main (void)
| {
| if (sizeof ((size_t)))
| 	    return 0;
|   ;
|   return 0;
| }
configure:15170: result: yes
configure:15181: checking whether struct tm is in sys/time.h or time.h
configure:15202: gcc -c -g -O2 -ffp-contract=off  conftest.c >&5
configure:15202: $? = 0
configure:15212: result: time.h
configure:15220: checking for working volatile
configure:15240: gcc -c -g -O2 -ffp-contract=off  conftest.c >&5
configure:15240: $? = 0
configure:15250: result: yes
configure:15258: checking for ptrdiff_t
configure:15258: gcc -c -g -O2 -ffp-contract=off  conftest.c >&5
configure:15258: $? = 0
configure:15258: gcc -c -g -O2 -ffp-contract=off  conftest.c >&5
conftest.c: In function 'main':
conftest.c:65:24: error: expected expression before ')' token
   65 | if (sizeof ((ptrdiff_t)))
      |                        ^
configure:15258: $? = 1
configure: failed program was:
| /* confdefs.h */
| #define PACKAGE_NAME "ta-lib"
| #define PACKAGE_TARNAME "ta-lib"
| #define PACKAGE_VERSION "0.8.1"
| #define PACKAGE_STRING "ta-lib 0.8.1"
| #define PACKAGE_BUGREPORT "https://github.com/TA-Lib/ta-lib/issues"
| #define PACKAGE_URL "https://github.com/TA-Lib/ta-lib"
| #define PACKAGE "ta-lib"
| #define VERSION "0.8.1"
| #define HAVE_STDIO_H 1
| #define HAVE_STDLIB_H 1
| #define HAVE_STRING_H 1
| #define HAVE_INTTYPES_H 1
| #define HAVE_STDINT_H 1
| #define HAVE_STRINGS_H 1
| #define HAVE_SYS_STAT_H 1
| #define HAVE_SYS_TYPES_H 1
| #define HAVE_UNISTD_H 1
| #define STDC_HEADERS 1
| #define HAVE_DLFCN_H 1
| #define LT_OBJDIR ".libs/"
| #define HAVE_FLOAT_H 1
| #define HAVE_INTTYPES_H 1
| #define HAVE_LIMITS_H 1
| #define HAVE_LOCALE_H 1
| #define HAVE_STDDEF_H 1
| #define HAVE_STDINT_H 1
| #define HAVE_STDLIB_H 1
| #define HAVE_STRING_H 1
| #define HAVE_UNISTD_H 1
| #define HAVE_WCHAR_H 1
| #define HAVE_WCTYPE_H 1
| /* end confdefs.h.  */
| #include <stddef.h>
| #ifdef HAVE_STDIO_H
| # include <stdio.h>
| #endif
| #ifdef HAVE_STDLIB_H
| # include <stdlib.h>
| #endif
| #ifdef HAVE_STRING_H
| # include <string.h>
| #endif
| #ifdef HAVE_INTTYPES_H
| # include <inttypes.h>
| #endif
| #ifdef HAVE_STDINT_H
| # include <stdint.h>
| #endif
| #ifdef HAVE_STRINGS_H
| # include <strings.h>
| #endif
| #ifdef HAVE_SYS_TYPES_H
| # include <sys/types.h>
| #endif
| #ifdef HAVE_SYS_STAT_H
| # include <sys/stat.h>
| #endif
| #ifdef HAVE_UNISTD_H
| # include <unistd.h>
| #endif
| int
| main (void)
| {
| if (sizeof ((ptrdiff_t)))
| 	    return 0;
|   ;
|   return 0;
| }
configure:15258: result: yes
configure:15269: checking for working strcoll
configure:15297: gcc -o conftest -g -O2 -ffp-contract=off   conftest.c  >&5
configure:15297: $? = 0
configure:15297: ./conftest
configure:15297: $? = 0
configure:15311: result: yes
configure:15322: checking for strftime
configure:15322: gcc -o conftest -g -O2 -ffp-contract=off   conftest.c  >&5
conftest.c:52:6: warning: conflicting types for built-in function 'strftime'; expected 'long unsigned int(char *, long unsigned int,  const char *, const void *)' [-Wbuiltin-declaration-mismatch]
   52 | char strftime (void);
      |      ^~~~~~~~
conftest.c:44:1: note: 'strftime' is declared in header '<time.h>'
   43 | #include <limits.h>
   44 | #undef strftime
configure:15322: $? = 0
configure:15322: result: yes
configure:15383: checking for working strtod
configure:15423: gcc -o conftest -g -O2 -ffp-contract=off   conftest.c  >&5
configure:15423: $? = 0
configure:15423: ./conftest
configure:15423: $? = 0
configure:15437: result: yes
configure:15513: checking for vprintf
configure:15513: gcc -o conftest -g -O2 -ffp-contract=off   conftest.c  >&5
conftest.c:53:6: warning: conflicting types for built-in function 'vprintf'; expected 'int(const char *, __va_list_tag *)' [-Wbuiltin-declaration-mismatch]
   53 | char vprintf (void);
      |      ^~~~~~~
conftest.c:45:1: note: 'vprintf' is declared in header '<stdio.h>'
   44 | #include <limits.h>
   45 | #undef vprintf
configure:15513: $? = 0
configure:15513: result: yes
configure:15534: checking for floor
configure:15534: gcc -o conftest -g -O2 -ffp-contract=off   conftest.c  >&5
conftest.c:54:6: warning: conflicting types for built-in function 'floor'; expected 'double(double)' [-Wbuiltin-declaration-mismatch]
   54 | char floor (void);
      |      ^~~~~
conftest.c:46:1: note: 'floor' is declared in header '<math.h>'
   45 | #include <limits.h>
   46 | #undef floor
/usr/bin/x86_64-linux-gnu-ld.bfd: /tmp/cc3jmYRu.o: in function `main':
/home/serkor/Documents/Software/ta-lib-R/src/ta-lib/conftest.c:65:(.text.startup+0x9): undefined reference to `floor'
collect2: error: ld returned 1 exit status
configure:15534: $? = 1
configure: failed program was:
| /* confdefs.h */
| #define PACKAGE_NAME "ta-lib"
| #define PACKAGE_TARNAME "ta-lib"
| #define PACKAGE_VERSION "0.8.1"
| #define PACKAGE_STRING "ta-lib 0.8.1"
| #define PACKAGE_BUGREPORT "https://github.com/TA-Lib/ta-lib/issues"
| #define PACKAGE_URL "https://github.com/TA-Lib/ta-lib"
| #define PACKAGE "ta-lib"
| #define VERSION "0.8.1"
| #define HAVE_STDIO_H 1
| #define HAVE_STDLIB_H 1
| #define HAVE_STRING_H 1
| #define HAVE_INTTYPES_H 1
| #define HAVE_STDINT_H 1
| #define HAVE_STRINGS_H 1
| #define HAVE_SYS_STAT_H 1
| #define HAVE_SYS_TYPES_H 1
| #define HAVE_UNISTD_H 1
| #define STDC_HEADERS 1
| #define HAVE_DLFCN_H 1
| #define LT_OBJDIR ".libs/"
| #define HAVE_FLOAT_H 1
| #define HAVE_INTTYPES_H 1
| #define HAVE_LIMITS_H 1
| #define HAVE_LOCALE_H 1
| #define HAVE_STDDEF_H 1
| #define HAVE_STDINT_H 1
| #define HAVE_STDLIB_H 1
| #define HAVE_STRING_H 1
| #define HAVE_UNISTD_H 1
| #define HAVE_WCHAR_H 1
| #define HAVE_WCTYPE_H 1
| #define HAVE_PTRDIFF_T 1
| #define HAVE_STRCOLL 1
| #define HAVE_STRFTIME 1
| #define HAVE_VPRINTF 1
| /* end confdefs.h.  */
| /* Define floor to an innocuous variant, in case <limits.h> declares floor.
|    For example, HP-UX 11i <limits.h> declares gettimeofday.  */
| #define floor innocuous_floor
| 
| /* System header to define __stub macros and hopefully few prototypes,
|    which can conflict with char floor (void); below.  */
| 
| #include <limits.h>
| #undef floor
| 
| /* Override any GCC internal prototype to avoid an error.
|    Use char because int might match the return type of a GCC
|    builtin and then its argument prototype would still apply.  */
| #ifdef __cplusplus
| extern "C"
| #endif
| char floor (void);
| /* The GNU C library defines this for functions which it implements
|     to always fail with ENOSYS.  Some functions are actually named
|     something starting with __ and the normal name is an alias.  */
| #if defined __stub_floor || defined __stub___floor
| choke me
| #endif
| 
| int
| main (void)
| {
| return floor ();
|   ;
|   return 0;
| }
configure:15534: result: no
configure:15540: checking for isascii
configure:15540: gcc -o conftest -g -O2 -ffp-contract=off   conftest.c  >&5
conftest.c:54:6: warning: conflicting types for built-in function 'isascii'; expected 'int(int)' [-Wbuiltin-declaration-mismatch]
   54 | char isascii (void);
      |      ^~~~~~~
configure:15540: $? = 0
configure:15540: result: yes
configure:15546: checking for localeconv
configure:15546: gcc -o conftest -g -O2 -ffp-contract=off   conftest.c  >&5
configure:15546: $? = 0
configure:15546: result: yes
configure:15552: checking for mblen
configure:15552: gcc -o conftest -g -O2 -ffp-contract=off   conftest.c  >&5
configure:15552: $? = 0
configure:15552: result: yes
configure:15558: checking for memmove
configure:15558: gcc -o conftest -g -O2 -ffp-contract=off   conftest.c  >&5
conftest.c:57:6: warning: conflicting types for built-in function 'memmove'; expected 'void *(void *, const void *, long unsigned int)' [-Wbuiltin-declaration-mismatch]
   57 | char memmove (void);
      |      ^~~~~~~
conftest.c:49:1: note: 'memmove' is declared in header '<string.h>'
   48 | #include <limits.h>
   49 | #undef memmove
configure:15558: $? = 0
configure:15558: result: yes
configure:15564: checking for memset
configure:15564: gcc -o conftest -g -O2 -ffp-contract=off   conftest.c  >&5
conftest.c:58:6: warning: conflicting types for built-in function 'memset'; expected 'void *(void *, int,  long unsigned int)' [-Wbuiltin-declaration-mismatch]
   58 | char memset (void);
      |      ^~~~~~
conftest.c:50:1: note: 'memset' is declared in header '<string.h>'
   49 | #include <limits.h>
   50 | #undef memset
configure:15564: $? = 0
configure:15564: result: yes
configure:15570: checking for modf
configure:15570: gcc -o conftest -g -O2 -ffp-contract=off   conftest.c  >&5
conftest.c:59:6: warning: conflicting types for built-in function 'modf'; expected 'double(double,  double *)' [-Wbuiltin-declaration-mismatch]
   59 | char modf (void);
      |      ^~~~
conftest.c:51:1: note: 'modf' is declared in header '<math.h>'
   50 | #include <limits.h>
   51 | #undef modf
configure:15570: $? = 0
configure:15570: result: yes
configure:15576: checking for pow
configure:15576: gcc -o conftest -g -O2 -ffp-contract=off   conftest.c  >&5
conftest.c:60:6: warning: conflicting types for built-in function 'pow'; expected 'double(double,  double)' [-Wbuiltin-declaration-mismatch]
   60 | char pow (void);
      |      ^~~
conftest.c:52:1: note: 'pow' is declared in header '<math.h>'
   51 | #include <limits.h>
   52 | #undef pow
/usr/bin/x86_64-linux-gnu-ld.bfd: /tmp/ccI8HBK3.o: in function `main':
/home/serkor/Documents/Software/ta-lib-R/src/ta-lib/conftest.c:71:(.text.startup+0x9): undefined reference to `pow'
collect2: error: ld returned 1 exit status
configure:15576: $? = 1
configure: failed program was:
| /* confdefs.h */
| #define PACKAGE_NAME "ta-lib"
| #define PACKAGE_TARNAME "ta-lib"
| #define PACKAGE_VERSION "0.8.1"
| #define PACKAGE_STRING "ta-lib 0.8.1"
| #define PACKAGE_BUGREPORT "https://github.com/TA-Lib/ta-lib/issues"
| #define PACKAGE_URL "https://github.com/TA-Lib/ta-lib"
| #define PACKAGE "ta-lib"
| #define VERSION "0.8.1"
| #define HAVE_STDIO_H 1
| #define HAVE_STDLIB_H 1
| #define HAVE_STRING_H 1
| #define HAVE_INTTYPES_H 1
| #define HAVE_STDINT_H 1
| #define HAVE_STRINGS_H 1
| #define HAVE_SYS_STAT_H 1
| #define HAVE_SYS_TYPES_H 1
| #define HAVE_UNISTD_H 1
| #define STDC_HEADERS 1
| #define HAVE_DLFCN_H 1
| #define LT_OBJDIR ".libs/"
| #define HAVE_FLOAT_H 1
| #define HAVE_INTTYPES_H 1
| #define HAVE_LIMITS_H 1
| #define HAVE_LOCALE_H 1
| #define HAVE_STDDEF_H 1
| #define HAVE_STDINT_H 1
| #define HAVE_STDLIB_H 1
| #define HAVE_STRING_H 1
| #define HAVE_UNISTD_H 1
| #define HAVE_WCHAR_H 1
| #define HAVE_WCTYPE_H 1
| #define HAVE_PTRDIFF_T 1
| #define HAVE_STRCOLL 1
| #define HAVE_STRFTIME 1
| #define HAVE_VPRINTF 1
| #define HAVE_ISASCII 1
| #define HAVE_LOCALECONV 1
| #define HAVE_MBLEN 1
| #define HAVE_MEMMOVE 1
| #define HAVE_MEMSET 1
| #define HAVE_MODF 1
| /* end confdefs.h.  */
| /* Define pow to an innocuous variant, in case <limits.h> declares pow.
|    For example, HP-UX 11i <limits.h> declares gettimeofday.  */
| #define pow innocuous_pow
| 
| /* System header to define __stub macros and hopefully few prototypes,
|    which can conflict with char pow (void); below.  */
| 
| #include <limits.h>
| #undef pow
| 
| /* Override any GCC internal prototype to avoid an error.
|    Use char because int might match the return type of a GCC
|    builtin and then its argument prototype would still apply.  */
| #ifdef __cplusplus
| extern "C"
| #endif
| char pow (void);
| /* The GNU C library defines this for functions which it implements
|     to always fail with ENOSYS.  Some functions are actually named
|     something starting with __ and the normal name is an alias.  */
| #if defined __stub_pow || defined __stub___pow
| choke me
| #endif
| 
| int
| main (void)
| {
| return pow ();
|   ;
|   return 0;
| }
configure:15576: result: no
configure:15582: checking for sqrt
configure:15582: gcc -o conftest -g -O2 -ffp-contract=off   conftest.c  >&5
conftest.c:60:6: warning: conflicting types for built-in function 'sqrt'; expected 'double(double)' [-Wbuiltin-declaration-mismatch]
   60 | char sqrt (void);
      |      ^~~~
conftest.c:52:1: note: 'sqrt' is declared in header '<math.h>'
   51 | #include <limits.h>
   52 | #undef sqrt
/usr/bin/x86_64-linux-gnu-ld.bfd: /tmp/cc0KKunq.o: in function `main':
/home/serkor/Documents/Software/ta-lib-R/src/ta-lib/conftest.c:71:(.text.startup+0x9): undefined reference to `sqrt'
collect2: error: ld returned 1 exit status
configure:15582: $? = 1
configure: failed program was:
| /* confdefs.h */
| #define PACKAGE_NAME "ta-lib"
| #define PACKAGE_TARNAME "ta-lib"
| #define PACKAGE_VERSION "0.8.1"
| #define PACKAGE_STRING "ta-lib 0.8.1"
| #define PACKAGE_BUGREPORT "https://github.com/TA-Lib/ta-lib/issues"
| #define PACKAGE_URL "https://github.com/TA-Lib/ta-lib"
| #define PACKAGE "ta-lib"
| #define VERSION "0.8.1"
| #define HAVE_STDIO_H 1
| #define HAVE_STDLIB_H 1
| #define HAVE_STRING_H 1
| #define HAVE_INTTYPES_H 1
| #define HAVE_STDINT_H 1
| #define HAVE_STRINGS_H 1
| #define HAVE_SYS_STAT_H 1
| #define HAVE_SYS_TYPES_H 1
| #define HAVE_UNISTD_H 1
| #define STDC_HEADERS 1
| #define HAVE_DLFCN_H 1
| #define LT_OBJDIR ".libs/"
| #define HAVE_FLOAT_H 1
| #define HAVE_INTTYPES_H 1
| #define HAVE_LIMITS_H 1
| #define HAVE_LOCALE_H 1
| #define HAVE_STDDEF_H 1
| #define HAVE_STDINT_H 1
| #define HAVE_STDLIB_H 1
| #define HAVE_STRING_H 1
| #define HAVE_UNISTD_H 1
| #define HAVE_WCHAR_H 1
| #define HAVE_WCTYPE_H 1
| #define HAVE_PTRDIFF_T 1
| #define HAVE_STRCOLL 1
| #define HAVE_STRFTIME 1
| #define HAVE_VPRINTF 1
| #define HAVE_ISASCII 1
| #define HAVE_LOCALECONV 1
| #define HAVE_MBLEN 1
| #define HAVE_MEMMOVE 1
| #define HAVE_MEMSET 1
| #define HAVE_MODF 1
| /* end confdefs.h.  */
| /* Define sqrt to an innocuous variant, in case <limits.h> declares sqrt.
|    For example, HP-UX 11i <limits.h> declares gettimeofday.  */
| #define sqrt innocuous_sqrt
| 
| /* System header to define __stub macros and hopefully few prototypes,
|    which can conflict with char sqrt (void); below.  */
| 
| #include <limits.h>
| #undef sqrt
| 
| /* Override any GCC internal prototype to avoid an error.
|    Use char because int might match the return type of a GCC
|    builtin and then its argument prototype would still apply.  */
| #ifdef __cplusplus
| extern "C"
| #endif
| char sqrt (void);
| /* The GNU C library defines this for functions which it implements
|     to always fail with ENOSYS.  Some functions are actually named
|     something starting with __ and the normal name is an alias.  */
| #if defined __stub_sqrt || defined __stub___sqrt
| choke me
| #endif
| 
| int
| main (void)
| {
| return sqrt ();
|   ;
|   return 0;
| }
configure:15582: result: no
configure:15588: checking for strcasecmp
configure:15588: gcc -o conftest -g -O2 -ffp-contract=off   conftest.c  >&5
conftest.c:60:6: warning: conflicting types for built-in function 'strcasecmp'; expected 'int(const char *, const char *)' [-Wbuiltin-declaration-mismatch]
   60 | char strcasecmp (void);
      |      ^~~~~~~~~~
configure:15588: $? = 0
configure:15588: result: yes
configure:15594: checking for strchr
configure:15594: gcc -o conftest -g -O2 -ffp-contract=off   conftest.c  >&5
conftest.c:61:6: warning: conflicting types for built-in function 'strchr'; expected 'char *(const char *, int)' [-Wbuiltin-declaration-mismatch]
   61 | char strchr (void);
      |      ^~~~~~
conftest.c:53:1: note: 'strchr' is declared in header '<string.h>'
   52 | #include <limits.h>
   53 | #undef strchr
configure:15594: $? = 0
configure:15594: result: yes
configure:15600: checking for strerror
configure:15600: gcc -o conftest -g -O2 -ffp-contract=off   conftest.c  >&5
configure:15600: $? = 0
configure:15600: result: yes
configure:15606: checking for strncasecmp
configure:15606: gcc -o conftest -g -O2 -ffp-contract=off   conftest.c  >&5
conftest.c:63:6: warning: conflicting types for built-in function 'strncasecmp'; expected 'int(const char *, const char *, long unsigned int)' [-Wbuiltin-declaration-mismatch]
   63 | char strncasecmp (void);
      |      ^~~~~~~~~~~
configure:15606: $? = 0
configure:15606: result: yes
configure:15612: checking for strrchr
configure:15612: gcc -o conftest -g -O2 -ffp-contract=off   conftest.c  >&5
conftest.c:64:6: warning: conflicting types for built-in function 'strrchr'; expected 'char *(const char *, int)' [-Wbuiltin-declaration-mismatch]
   64 | char strrchr (void);
      |      ^~~~~~~
conftest.c:56:1: note: 'strrchr' is declared in header '<string.h>'
   55 | #include <limits.h>
   56 | #undef strrchr
configure:15612: $? = 0
configure:15612: result: yes
configure:15618: checking for strstr
configure:15618: gcc -o conftest -g -O2 -ffp-contract=off   conftest.c  >&5
conftest.c:65:6: warning: conflicting types for built-in function 'strstr'; expected 'char *(const char *, const char *)' [-Wbuiltin-declaration-mismatch]
   65 | char strstr (void);
      |      ^~~~~~
conftest.c:57:1: note: 'strstr' is declared in header '<string.h>'
   56 | #include <limits.h>
   57 | #undef strstr
configure:15618: $? = 0
configure:15618: result: yes
configure:15624: checking for strtol
configure:15624: gcc -o conftest -g -O2 -ffp-contract=off   conftest.c  >&5
configure:15624: $? = 0
configure:15624: result: yes
configure:15630: checking for strtoul
configure:15630: gcc -o conftest -g -O2 -ffp-contract=off   conftest.c  >&5
configure:15630: $? = 0
configure:15630: result: yes
configure:15743: checking for cos in -lm
configure:15772: gcc -o conftest -g -O2 -ffp-contract=off   conftest.c -lm   >&5
conftest.c:62:6: warning: conflicting types for built-in function 'cos'; expected 'double(double)' [-Wbuiltin-declaration-mismatch]
   62 | char cos (void);
      |      ^~~
conftest.c:1:1: note: 'cos' is declared in header '<math.h>'
    1 | /* confdefs.h */
configure:15772: $? = 0
configure:15784: result: yes
configure:15916: checking that generated files are newer than configure
configure:15922: result: done
configure:15961: creating ./config.status

## ---------------------- ##
## Running config.status. ##
## ---------------------- ##

This file was extended by ta-lib config.status 0.8.1, which was
generated by GNU Autoconf 2.72.  Invocation command line was

  CONFIG_FILES    = 
  CONFIG_HEADERS  = 
  CONFIG_LINKS    = 
  CONFIG_COMMANDS = 
  $ ./config.status 

on serkor-ThinkPad-T14s-Gen-6

config.status:1129: creating Makefile
config.status:1129: creating src/Makefile
config.status:1129: creating src/ta_abstract/Makefile
config.status:1129: creating src/ta_common/Makefile
config.status:1129: creating src/ta_func/Makefile
config.status:1129: creating src/tools/Makefile
config.status:1129: creating src/tools/ta_regtest/Makefile
config.status:1129: creating ta-lib.pc
config.status:1129: creating ta-lib.spec
config.status:1129: creating ta-lib.dpkg
config.status:1129: creating include/ta_config.h
config.status:1358: executing depfiles commands
config.status:1433: cd src/ta_abstract       && sed -e '/# am--include-marker/d' Makefile         | make -f - am--depfiles
make[1]: Entering directory '/home/serkor/Documents/Software/ta-lib-R/src/ta-lib/src/ta_abstract'
make[1]: Leaving directory '/home/serkor/Documents/Software/ta-lib-R/src/ta-lib/src/ta_abstract'
config.status:1440: $? = 0
config.status:1433: cd src/ta_common       && sed -e '/# am--include-marker/d' Makefile         | make -f - am--depfiles
make[1]: Entering directory '/home/serkor/Documents/Software/ta-lib-R/src/ta-lib/src/ta_common'
make[1]: Leaving directory '/home/serkor/Documents/Software/ta-lib-R/src/ta-lib/src/ta_common'
config.status:1440: $? = 0
config.status:1433: cd src/ta_func       && sed -e '/# am--include-marker/d' Makefile         | make -f - am--depfiles
make[1]: Entering directory '/home/serkor/Documents/Software/ta-lib-R/src/ta-lib/src/ta_func'
make[1]: Leaving directory '/home/serkor/Documents/Software/ta-lib-R/src/ta-lib/src/ta_func'
config.status:1440: $? = 0
config.status:1433: cd src/tools/ta_regtest       && sed -e '/# am--include-marker/d' Makefile         | make -f - am--depfiles
make[1]: Entering directory '/home/serkor/Documents/Software/ta-lib-R/src/ta-lib/src/tools/ta_regtest'
make[1]: Leaving directory '/home/serkor/Documents/Software/ta-lib-R/src/ta-lib/src/tools/ta_regtest'
config.status:1440: $? = 0
config.status:1358: executing libtool commands

## ---------------- ##
## Cache variables. ##
## ---------------- ##

ac_cv_build=x86_64-pc-linux-gnu
ac_cv_c_compiler_gnu=yes
ac_cv_c_const=yes
ac_cv_c_volatile=yes
ac_cv_env_CC_set=
ac_cv_env_CC_value=
ac_cv_env_CFLAGS_set=
ac_cv_env_CFLAGS_value=
ac_cv_env_CPPFLAGS_set=
ac_cv_env_CPPFLAGS_value=
ac_cv_env_LDFLAGS_set=
ac_cv_env_LDFLAGS_value=
ac_cv_env_LIBS_set=
ac_cv_env_LIBS_value=
ac_cv_env_LT_SYS_LIBRARY_PATH_set=
ac_cv_env_LT_SYS_LIBRARY_PATH_value=
ac_cv_env_build_alias_set=
ac_cv_env_build_alias_value=
ac_cv_env_host_alias_set=
ac_cv_env_host_alias_value=
ac_cv_env_target_alias_set=
ac_cv_env_target_alias_value=
ac_cv_func_floor=no
ac_cv_func_isascii=yes
ac_cv_func_localeconv=yes
ac_cv_func_mblen=yes
ac_cv_func_memmove=yes
ac_cv_func_memset=yes
ac_cv_func_modf=yes
ac_cv_func_pow=no
ac_cv_func_sqrt=no
ac_cv_func_strcasecmp=yes
ac_cv_func_strchr=yes
ac_cv_func_strcoll_works=yes
ac_cv_func_strerror=yes
ac_cv_func_strftime=yes
ac_cv_func_strncasecmp=yes
ac_cv_func_strrchr=yes
ac_cv_func_strstr=yes
ac_cv_func_strtod=yes
ac_cv_func_strtol=yes
ac_cv_func_strtoul=yes
ac_cv_func_vprintf=yes
ac_cv_header_dlfcn_h=yes
ac_cv_header_float_h=yes
ac_cv_header_inttypes_h=yes
ac_cv_header_limits_h=yes
ac_cv_header_locale_h=yes
ac_cv_header_stddef_h=yes
ac_cv_header_stdint_h=yes
ac_cv_header_stdio_h=yes
ac_cv_header_stdlib_h=yes
ac_cv_header_string_h=yes
ac_cv_header_strings_h=yes
ac_cv_header_sys_stat_h=yes
ac_cv_header_sys_types_h=yes
ac_cv_header_unistd_h=yes
ac_cv_header_wchar_h=yes
ac_cv_header_wctype_h=yes
ac_cv_host=x86_64-pc-linux-gnu
ac_cv_lib_m_cos=yes
ac_cv_objext=o
ac_cv_path_EGREP='/usr/bin/grep -E'
ac_cv_path_EGREP_TRADITIONAL='/usr/bin/grep -E'
ac_cv_path_FGREP='/usr/bin/grep -F'
ac_cv_path_GREP=/usr/bin/grep
ac_cv_path_SED=/usr/bin/sed
ac_cv_path_install='/usr/bin/install -c'
ac_cv_path_lt_DD=/usr/bin/dd
ac_cv_path_mkdir=/usr/bin/mkdir
ac_cv_prog_AWK=gawk
ac_cv_prog_FILECMD=file
ac_cv_prog_ac_ct_AR=ar
ac_cv_prog_ac_ct_CC=gcc
ac_cv_prog_ac_ct_MANIFEST_TOOL=mt
ac_cv_prog_ac_ct_OBJDUMP=objdump
ac_cv_prog_ac_ct_RANLIB=ranlib
ac_cv_prog_ac_ct_STRIP=strip
ac_cv_prog_cc_c11=
ac_cv_prog_cc_g=yes
ac_cv_prog_cc_stdc=
ac_cv_prog_make_make_set=yes
ac_cv_struct_tm=time.h
ac_cv_type_ptrdiff_t=yes
ac_cv_type_size_t=yes
am_cv_CC_dependencies_compiler_type=gcc3
am_cv_ar_interface=ar
am_cv_filesystem_timestamp_resolution=0.01
am_cv_make_support_nested_variables=yes
am_cv_prog_cc_c_o=yes
am_cv_prog_tar_ustar=gnutar
am_cv_sleep_fractional_seconds=yes
am_cv_xargs_n_works=yes
lt_cv_ar_at_file=@
lt_cv_archive_cmds_need_lc=no
lt_cv_deplibs_check_method=pass_all
lt_cv_file_magic_cmd='$MAGIC_CMD'
lt_cv_file_magic_test_file=
lt_cv_ld_reload_flag=-r
lt_cv_nm_interface='BSD nm'
lt_cv_objdir=.libs
lt_cv_path_LD=/usr/bin/x86_64-linux-gnu-ld
lt_cv_path_NM='/usr/bin/nm -B'
lt_cv_path_manifest_tool=no
lt_cv_prog_compiler_c_o=yes
lt_cv_prog_compiler_pic='-fPIC -DPIC'
lt_cv_prog_compiler_pic_works=yes
lt_cv_prog_compiler_rtti_exceptions=no
lt_cv_prog_compiler_static_works=yes
lt_cv_prog_gnu_ld=yes
lt_cv_sharedlib_from_linklib_cmd='printf %s\n'
lt_cv_shlibpath_overrides_runpath=yes
lt_cv_sys_global_symbol_pipe='/usr/bin/sed -n -e '\''s/^.*[	 ]\([ABCDGIRSTW][ABCDGIRSTW]*\)[	 ][	 ]*\([_A-Za-z][_A-Za-z0-9]*\)$/\1 \2 \2/p'\'' | /usr/bin/sed '\''/ __gnu_lto/d'\'''
lt_cv_sys_global_symbol_to_c_name_address='/usr/bin/sed -n -e '\''s/^: \(.*\) .*$/  {"\1", (void *) 0},/p'\'' -e '\''s/^[ABCDGIRSTW][ABCDGIRSTW]* .* \(.*\)$/  {"\1", (void *) \&\1},/p'\'''
lt_cv_sys_global_symbol_to_c_name_address_lib_prefix='/usr/bin/sed -n -e '\''s/^: \(.*\) .*$/  {"\1", (void *) 0},/p'\'' -e '\''s/^[ABCDGIRSTW][ABCDGIRSTW]* .* \(lib.*\)$/  {"\1", (void *) \&\1},/p'\'' -e '\''s/^[ABCDGIRSTW][ABCDGIRSTW]* .* \(.*\)$/  {"lib\1", (void *) \&\1},/p'\'''
lt_cv_sys_global_symbol_to_cdecl='/usr/bin/sed -n -e '\''s/^T .* \(.*\)$/extern int \1();/p'\'' -e '\''s/^[ABCDGIRSTW][ABCDGIRSTW]* .* \(.*\)$/extern char \1;/p'\'''
lt_cv_sys_global_symbol_to_import=
lt_cv_sys_max_cmd_len=1572864
lt_cv_to_host_file_cmd=func_convert_file_noop
lt_cv_to_tool_file_cmd=func_convert_file_noop
lt_cv_truncate_bin='/usr/bin/dd bs=4096 count=1'

## ----------------- ##
## Output variables. ##
## ----------------- ##

ACLOCAL='${SHELL} '\''/home/serkor/Documents/Software/ta-lib-R/src/ta-lib/missing'\'' aclocal-1.18'
AMDEPBACKSLASH='\'
AMDEP_FALSE='#'
AMDEP_TRUE=''
AMTAR='$${TAR-tar}'
AM_BACKSLASH='\'
AM_DEFAULT_V='$(AM_DEFAULT_VERBOSITY)'
AM_DEFAULT_VERBOSITY='1'
AM_V='$(V)'
AR='ar'
AUTOCONF='${SHELL} '\''/home/serkor/Documents/Software/ta-lib-R/src/ta-lib/missing'\'' autoconf'
AUTOHEADER='${SHELL} '\''/home/serkor/Documents/Software/ta-lib-R/src/ta-lib/missing'\'' autoheader'
AUTOMAKE='${SHELL} '\''/home/serkor/Documents/Software/ta-lib-R/src/ta-lib/missing'\'' automake-1.18'
AWK='gawk'
CC='gcc'
CCDEPMODE='depmode=gcc3'
CFLAGS='-g -O2 -ffp-contract=off'
CPPFLAGS=''
CSCOPE='cscope'
CTAGS='ctags'
CYGPATH_W='echo'
DEFS='-DHAVE_CONFIG_H'
DEPDIR='.deps'
DLLTOOL='false'
DSYMUTIL=''
DUMPBIN=''
ECHO_C=''
ECHO_N='-n'
ECHO_T=''
EGREP='/usr/bin/grep -E'
ETAGS='etags'
EXEEXT=''
FGREP='/usr/bin/grep -F'
FILECMD='file'
GREP='/usr/bin/grep'
INSTALL_DATA='${INSTALL} -m 644'
INSTALL_PROGRAM='${INSTALL}'
INSTALL_SCRIPT='${INSTALL}'
INSTALL_STRIP_PROGRAM='$(install_sh) -c -s'
LD='/usr/bin/x86_64-linux-gnu-ld -m elf_x86_64'
LDFLAGS=''
LIBM='-lm'
LIBOBJS=''
LIBS=''
LIBTOOL='$(SHELL) $(top_builddir)/libtool'
LIPO=''
LN_S='ln -s'
LTLIBOBJS=''
LT_SYS_LIBRARY_PATH=''
MAKEINFO='${SHELL} '\''/home/serkor/Documents/Software/ta-lib-R/src/ta-lib/missing'\'' makeinfo'
MANIFEST_TOOL=':'
MKDIR_P='/usr/bin/mkdir -p'
NM='/usr/bin/nm -B'
NMEDIT=''
OBJDUMP='objdump'
OBJEXT='o'
OTOOL64=''
OTOOL=''
PACKAGE='ta-lib'
PACKAGE_BUGREPORT='https://github.com/TA-Lib/ta-lib/issues'
PACKAGE_NAME='ta-lib'
PACKAGE_STRING='ta-lib 0.8.1'
PACKAGE_TARNAME='ta-lib'
PACKAGE_URL='https://github.com/TA-Lib/ta-lib'
PACKAGE_VERSION='0.8.1'
PATH_SEPARATOR=':'
POW_LIB=''
RANLIB='ranlib'
SED='/usr/bin/sed'
SET_MAKE=''
SHELL='/bin/bash'
STRIP='strip'
TALIB_LIBRARY_VERSION='0:0:0'
VERSION='0.8.1'
ac_ct_AR='ar'
ac_ct_CC='gcc'
ac_ct_DUMPBIN=''
am__EXEEXT_FALSE=''
am__EXEEXT_TRUE='#'
am__fastdepCC_FALSE='#'
am__fastdepCC_TRUE=''
am__include='include'
am__isrc=''
am__leading_dot='.'
am__nodep='_no'
am__quote=''
am__rm_f_notfound=''
am__tar='tar --format=ustar -chf - "$$tardir"'
am__untar='tar -xf -'
am__xargs_n='xargs -n'
bindir='${exec_prefix}/bin'
build='x86_64-pc-linux-gnu'
build_alias=''
build_cpu='x86_64'
build_os='linux-gnu'
build_vendor='pc'
datadir='${datarootdir}'
datarootdir='${prefix}/share'
docdir='${datarootdir}/doc/${PACKAGE_TARNAME}'
dvidir='${docdir}'
exec_prefix='${prefix}'
host='x86_64-pc-linux-gnu'
host_alias=''
host_cpu='x86_64'
host_os='linux-gnu'
host_vendor='pc'
htmldir='${docdir}'
includedir='${prefix}/include'
infodir='${datarootdir}/info'
install_sh='${SHELL} /home/serkor/Documents/Software/ta-lib-R/src/ta-lib/install-sh'
libdir='${exec_prefix}/lib'
libexecdir='${exec_prefix}/libexec'
localedir='${datarootdir}/locale'
localstatedir='${prefix}/var'
mandir='${datarootdir}/man'
mkdir_p='$(MKDIR_P)'
oldincludedir='/usr/include'
pdfdir='${docdir}'
prefix='/usr/local'
program_transform_name='s,x,x,'
psdir='${docdir}'
runstatedir='${localstatedir}/run'
sbindir='${exec_prefix}/sbin'
sharedstatedir='${prefix}/com'
sysconfdir='${prefix}/etc'
target_alias=''

## ----------- ##
## confdefs.h. ##
## ----------- ##

/* confdefs.h */
#define PACKAGE_NAME "ta-lib"
#define PACKAGE_TARNAME "ta-lib"
#define PACKAGE_VERSION "0.8.1"
#define PACKAGE_STRING "ta-lib 0.8.1"
#define PACKAGE_BUGREPORT "https://github.com/TA-Lib/ta-lib/issues"
#define PACKAGE_URL "https://github.com/TA-Lib/ta-lib"
#define PACKAGE "ta-lib"
#define VERSION "0.8.1"
#define HAVE_STDIO_H 1
#define HAVE_STDLIB_H 1
#define HAVE_STRING_H 1
#define HAVE_INTTYPES_H 1
#define HAVE_STDINT_H 1
#define HAVE_STRINGS_H 1
#define HAVE_SYS_STAT_H 1
#define HAVE_SYS_TYPES_H 1
#define HAVE_UNISTD_H 1
#define STDC_HEADERS 1
#define HAVE_DLFCN_H 1
#define LT_OBJDIR ".libs/"
#define HAVE_FLOAT_H 1
#define HAVE_INTTYPES_H 1
#define HAVE_LIMITS_H 1
#define HAVE_LOCALE_H 1
#define HAVE_STDDEF_H 1
#define HAVE_STDINT_H 1
#define HAVE_STDLIB_H 1
#define HAVE_STRING_H 1
#define HAVE_UNISTD_H 1
#define HAVE_WCHAR_H 1
#define HAVE_WCTYPE_H 1
#define HAVE_PTRDIFF_T 1
#define HAVE_STRCOLL 1
#define HAVE_STRFTIME 1
#define HAVE_VPRINTF 1
#define HAVE_ISASCII 1
#define HAVE_LOCALECONV 1
#define HAVE_MBLEN 1
#define HAVE_MEMMOVE 1
#define HAVE_MEMSET 1
#define HAVE_MODF 1
#define HAVE_STRCASECMP 1
#define HAVE_STRCHR 1
#define HAVE_STRERROR 1
#define HAVE_STRNCASECMP 1
#define HAVE_STRRCHR 1
#define HAVE_STRSTR 1
#define HAVE_STRTOL 1
#define HAVE_STRTOUL 1

configure: exit 0
